// Jest Snapshot v1, https://goo.gl/fbAQLP

exports[`valueVMOptions 1`] = `
Object {
  "valueVMOptions": Object {
    "categoryOptions": Array [
      Object {
        "cultureCode": "",
        "entityType": "DictionaryEntry",
        "familyId": "00000000-0000-0000-0000-000000000000",
        "id": "xxxxxxxx-xxxx-xxxx-xxxx-xxxxxxxxxxxx-entityVM",
        "isFamily": true,
        "label": "Author",
        "operation": "NoOp",
        "reportingKey": null,
      },
      Object {
        "cultureCode": "",
        "entityType": "DictionaryEntry",
        "familyId": "00000000-0000-0000-0000-000000000000",
        "id": "xxxxxxxx-xxxx-xxxx-xxxx-xxxxxxxxxxxx-entityVM",
        "isFamily": true,
        "label": "Requester",
        "operation": "NoOp",
        "reportingKey": null,
      },
      Object {
        "cultureCode": "",
        "entityType": "DictionaryEntry",
        "familyId": "00000000-0000-0000-0000-000000000000",
        "id": "xxxxxxxx-xxxx-xxxx-xxxx-xxxxxxxxxxxx-entityVM",
        "isFamily": true,
        "label": "Manager",
        "operation": "NoOp",
        "reportingKey": null,
      },
      Object {
        "cultureCode": "",
        "entityType": "DictionaryEntry",
        "familyId": "00000000-0000-0000-0000-000000000000",
        "id": "xxxxxxxx-xxxx-xxxx-xxxx-xxxxxxxxxxxx-entityVM",
        "isFamily": true,
        "label": "Control Number",
        "operation": "NoOp",
        "reportingKey": null,
      },
      Object {
        "cultureCode": "",
        "entityType": "DictionaryEntry",
        "familyId": "00000000-0000-0000-0000-000000000000",
        "id": "xxxxxxxx-xxxx-xxxx-xxxx-xxxxxxxxxxxx-entityVM",
        "isFamily": true,
        "label": "Expediter",
        "operation": "NoOp",
        "reportingKey": null,
      },
      Object {
        "cultureCode": "",
        "entityType": "DictionaryEntry",
        "familyId": "00000000-0000-0000-0000-000000000000",
        "id": "xxxxxxxx-xxxx-xxxx-xxxx-xxxxxxxxxxxx-entityVM",
        "isFamily": true,
        "label": "Document Classes",
        "operation": "NoOp",
        "reportingKey": null,
      },
      Object {
        "cultureCode": "",
        "entityType": "DictionaryEntry",
        "familyId": "00000000-0000-0000-0000-000000000000",
        "id": "xxxxxxxx-xxxx-xxxx-xxxx-xxxxxxxxxxxx-entityVM",
        "isFamily": true,
        "label": "Document",
        "operation": "NoOp",
        "reportingKey": null,
      },
      Object {
        "cultureCode": "",
        "entityType": "DictionaryEntry",
        "familyId": "00000000-0000-0000-0000-000000000000",
        "id": "xxxxxxxx-xxxx-xxxx-xxxx-xxxxxxxxxxxx-entityVM",
        "isFamily": true,
        "label": "Action",
        "operation": "NoOp",
        "reportingKey": null,
      },
      Object {
        "cultureCode": "",
        "entityType": "DictionaryEntry",
        "familyId": "00000000-0000-0000-0000-000000000000",
        "id": "xxxxxxxx-xxxx-xxxx-xxxx-xxxxxxxxxxxx-entityVM",
        "isFamily": true,
        "label": "Assessment",
        "operation": "NoOp",
        "reportingKey": null,
      },
      Object {
        "cultureCode": "",
        "entityType": "DictionaryEntry",
        "familyId": "00000000-0000-0000-0000-000000000000",
        "id": "xxxxxxxx-xxxx-xxxx-xxxx-xxxxxxxxxxxx-entityVM",
        "isFamily": true,
        "label": "Change Request",
        "operation": "NoOp",
        "reportingKey": null,
      },
      Object {
        "cultureCode": "",
        "entityType": "DictionaryEntry",
        "familyId": "00000000-0000-0000-0000-000000000000",
        "id": "xxxxxxxx-xxxx-xxxx-xxxx-xxxxxxxxxxxx-entityVM",
        "isFamily": true,
        "label": "Organization Profile Document Class Dictionary Entry",
        "operation": "NoOp",
        "reportingKey": null,
      },
      Object {
        "cultureCode": "",
        "entityType": "DictionaryEntry",
        "familyId": "00000000-0000-0000-0000-000000000000",
        "id": "xxxxxxxx-xxxx-xxxx-xxxx-xxxxxxxxxxxx-entityVM",
        "isFamily": true,
        "label": "Obsolescence Request",
        "operation": "NoOp",
        "reportingKey": null,
      },
      Object {
        "cultureCode": "",
        "entityType": "DictionaryEntry",
        "familyId": "00000000-0000-0000-0000-000000000000",
        "id": "xxxxxxxx-xxxx-xxxx-xxxx-xxxxxxxxxxxx-entityVM",
        "isFamily": true,
        "label": "Default Characteristics Config Profile Document Class Dictionary Entry",
        "operation": "NoOp",
        "reportingKey": null,
      },
      Object {
        "cultureCode": "",
        "entityType": "DictionaryEntry",
        "familyId": "00000000-0000-0000-0000-000000000000",
        "id": "xxxxxxxx-xxxx-xxxx-xxxx-xxxxxxxxxxxx-entityVM",
        "isFamily": true,
        "label": "User Profile Document Class Dictionary Entry",
        "operation": "NoOp",
        "reportingKey": null,
      },
      Object {
        "cultureCode": "",
        "entityType": "DictionaryEntry",
        "familyId": "00000000-0000-0000-0000-000000000000",
        "id": "xxxxxxxx-xxxx-xxxx-xxxx-xxxxxxxxxxxx-entityVM",
        "isFamily": true,
        "label": "Document Class Profile Document Class Dictionary Entry",
        "operation": "NoOp",
        "reportingKey": null,
      },
      Object {
        "cultureCode": "",
        "entityType": "DictionaryEntry",
        "familyId": "00000000-0000-0000-0000-000000000000",
        "id": "xxxxxxxx-xxxx-xxxx-xxxx-xxxxxxxxxxxx-entityVM",
        "isFamily": true,
        "label": "Application Role Profile Document Class Dictionary Entry",
        "operation": "NoOp",
        "reportingKey": null,
      },
      Object {
        "cultureCode": "",
        "entityType": "DictionaryEntry",
        "familyId": "00000000-0000-0000-0000-000000000000",
        "id": "xxxxxxxx-xxxx-xxxx-xxxx-xxxxxxxxxxxx-entityVM",
        "isFamily": true,
        "label": "Dictionary Entry Profile Document Class Dictionary Entry",
        "operation": "NoOp",
        "reportingKey": null,
      },
      Object {
        "cultureCode": "",
        "entityType": "DictionaryEntry",
        "familyId": "00000000-0000-0000-0000-000000000000",
        "id": "xxxxxxxx-xxxx-xxxx-xxxx-xxxxxxxxxxxx-entityVM",
        "isFamily": true,
        "label": "Choice List Profile Document Class Dictionary Entry",
        "operation": "NoOp",
        "reportingKey": null,
      },
      Object {
        "cultureCode": "",
        "entityType": "DictionaryEntry",
        "familyId": "00000000-0000-0000-0000-000000000000",
        "id": "xxxxxxxx-xxxx-xxxx-xxxx-xxxxxxxxxxxx-entityVM",
        "isFamily": true,
        "label": "Category Hierarchy Profile Document Class Dictionary Entry",
        "operation": "NoOp",
        "reportingKey": null,
      },
      Object {
        "cultureCode": "",
        "entityType": "DictionaryEntry",
        "familyId": "00000000-0000-0000-0000-000000000000",
        "id": "xxxxxxxx-xxxx-xxxx-xxxx-xxxxxxxxxxxx-entityVM",
        "isFamily": true,
        "label": "Document Life Cycle Configuration Class Type Dictionary Entry",
        "operation": "NoOp",
        "reportingKey": null,
      },
      Object {
        "cultureCode": "",
        "entityType": "DictionaryEntry",
        "familyId": "00000000-0000-0000-0000-000000000000",
        "id": "xxxxxxxx-xxxx-xxxx-xxxx-xxxxxxxxxxxx-entityVM",
        "isFamily": true,
        "label": "Action Life Cycle Configuration Class Type Dictionary Entry",
        "operation": "NoOp",
        "reportingKey": null,
      },
      Object {
        "cultureCode": "",
        "entityType": "DictionaryEntry",
        "familyId": "00000000-0000-0000-0000-000000000000",
        "id": "xxxxxxxx-xxxx-xxxx-xxxx-xxxxxxxxxxxx-entityVM",
        "isFamily": true,
        "label": "Assessment Life Cycle Configuration Class Type Dictionary Entry",
        "operation": "NoOp",
        "reportingKey": null,
      },
      Object {
        "cultureCode": "",
        "entityType": "DictionaryEntry",
        "familyId": "00000000-0000-0000-0000-000000000000",
        "id": "xxxxxxxx-xxxx-xxxx-xxxx-xxxxxxxxxxxx-entityVM",
        "isFamily": true,
        "label": "Approval Cycle Congfiguration Default Profile Class Type Dictionary Entry",
        "operation": "NoOp",
        "reportingKey": null,
      },
      Object {
        "cultureCode": "",
        "entityType": "DictionaryEntry",
        "familyId": "00000000-0000-0000-0000-000000000000",
        "id": "xxxxxxxx-xxxx-xxxx-xxxx-xxxxxxxxxxxx-entityVM",
        "isFamily": true,
        "label": "Section Life Cycle Configuration Class Type Dictionary Entry",
        "operation": "NoOp",
        "reportingKey": null,
      },
      Object {
        "cultureCode": "",
        "entityType": "DictionaryEntry",
        "familyId": "00000000-0000-0000-0000-000000000000",
        "id": "xxxxxxxx-xxxx-xxxx-xxxx-xxxxxxxxxxxx-entityVM",
        "isFamily": true,
        "label": "Hosted Master Data Section Configuration Profile Document Class Type Dictionary Entry",
        "operation": "NoOp",
        "reportingKey": null,
      },
      Object {
        "cultureCode": "",
        "entityType": "DictionaryEntry",
        "familyId": "00000000-0000-0000-0000-000000000000",
        "id": "xxxxxxxx-xxxx-xxxx-xxxx-xxxxxxxxxxxx-entityVM",
        "isFamily": true,
        "label": "Standard Section Configuration Profile Document Class Type Dictionary Entry",
        "operation": "NoOp",
        "reportingKey": null,
      },
      Object {
        "cultureCode": "",
        "entityType": "DictionaryEntry",
        "familyId": "00000000-0000-0000-0000-000000000000",
        "id": "xxxxxxxx-xxxx-xxxx-xxxx-xxxxxxxxxxxx-entityVM",
        "isFamily": true,
        "label": "Default Line Item Configuration Profile Document Class Dictionary Entry",
        "operation": "NoOp",
        "reportingKey": null,
      },
      Object {
        "cultureCode": "",
        "entityType": "DictionaryEntry",
        "familyId": "00000000-0000-0000-0000-000000000000",
        "id": "xxxxxxxx-xxxx-xxxx-xxxx-xxxxxxxxxxxx-entityVM",
        "isFamily": true,
        "label": "By Reference Section Configuration Profile Document Class Type Dictionary Entry",
        "operation": "NoOp",
        "reportingKey": null,
      },
      Object {
        "cultureCode": "",
        "entityType": "DictionaryEntry",
        "familyId": "00000000-0000-0000-0000-000000000000",
        "id": "xxxxxxxx-xxxx-xxxx-xxxx-xxxxxxxxxxxx-entityVM",
        "isFamily": true,
        "label": "Standard Section Content Profile Document Class Type Dictionary Entry",
        "operation": "NoOp",
        "reportingKey": null,
      },
      Object {
        "cultureCode": "",
        "entityType": "DictionaryEntry",
        "familyId": "00000000-0000-0000-0000-000000000000",
        "id": "xxxxxxxx-xxxx-xxxx-xxxx-xxxxxxxxxxxx-entityVM",
        "isFamily": true,
        "label": "Association Congfiguration Default Profile Class Type Dictionary Entry",
        "operation": "NoOp",
        "reportingKey": null,
      },
      Object {
        "cultureCode": "",
        "entityType": "DictionaryEntry",
        "familyId": "00000000-0000-0000-0000-000000000000",
        "id": "xxxxxxxx-xxxx-xxxx-xxxx-xxxxxxxxxxxx-entityVM",
        "isFamily": true,
        "label": "Default Section Line Item Configuration Profile Document Class Dictionary Entry",
        "operation": "NoOp",
        "reportingKey": null,
      },
      Object {
        "cultureCode": "",
        "entityType": "DictionaryEntry",
        "familyId": "00000000-0000-0000-0000-000000000000",
        "id": "xxxxxxxx-xxxx-xxxx-xxxx-xxxxxxxxxxxx-entityVM",
        "isFamily": true,
        "label": "Default Navigation Node Document Class Dictionary Entry",
        "operation": "NoOp",
        "reportingKey": null,
      },
      Object {
        "cultureCode": "",
        "entityType": "DictionaryEntry",
        "familyId": "00000000-0000-0000-0000-000000000000",
        "id": "xxxxxxxx-xxxx-xxxx-xxxx-xxxxxxxxxxxx-entityVM",
        "isFamily": true,
        "label": "Layout Profile Document Class Dictionary Entry",
        "operation": "NoOp",
        "reportingKey": null,
      },
      Object {
        "cultureCode": "",
        "entityType": "DictionaryEntry",
        "familyId": "00000000-0000-0000-0000-000000000000",
        "id": "xxxxxxxx-xxxx-xxxx-xxxx-xxxxxxxxxxxx-entityVM",
        "isFamily": true,
        "label": "Document Life Cycle State Config New State Configuration Class Type Dictionary Entry",
        "operation": "NoOp",
        "reportingKey": null,
      },
      Object {
        "cultureCode": "",
        "entityType": "DictionaryEntry",
        "familyId": "00000000-0000-0000-0000-000000000000",
        "id": "xxxxxxxx-xxxx-xxxx-xxxx-xxxxxxxxxxxx-entityVM",
        "isFamily": true,
        "label": "Default Navigation Hierarchy Document Class Dictionary Entry",
        "operation": "NoOp",
        "reportingKey": null,
      },
      Object {
        "cultureCode": "",
        "entityType": "DictionaryEntry",
        "familyId": "00000000-0000-0000-0000-000000000000",
        "id": "xxxxxxxx-xxxx-xxxx-xxxx-xxxxxxxxxxxx-entityVM",
        "isFamily": true,
        "label": "Document Life Cycle State Config Draft State Configuration Class Type Dictionary Entry",
        "operation": "NoOp",
        "reportingKey": null,
      },
      Object {
        "cultureCode": "",
        "entityType": "DictionaryEntry",
        "familyId": "00000000-0000-0000-0000-000000000000",
        "id": "xxxxxxxx-xxxx-xxxx-xxxx-xxxxxxxxxxxx-entityVM",
        "isFamily": true,
        "label": "Document Life Cycle State Config Approved State Configuration Class Type Dictionary Entry",
        "operation": "NoOp",
        "reportingKey": null,
      },
      Object {
        "cultureCode": "",
        "entityType": "DictionaryEntry",
        "familyId": "00000000-0000-0000-0000-000000000000",
        "id": "xxxxxxxx-xxxx-xxxx-xxxx-xxxxxxxxxxxx-entityVM",
        "isFamily": true,
        "label": "Document Life Cycle State Config Obsolete State Configuration Class Type Dictionary Entry",
        "operation": "NoOp",
        "reportingKey": null,
      },
      Object {
        "cultureCode": "",
        "entityType": "DictionaryEntry",
        "familyId": "00000000-0000-0000-0000-000000000000",
        "id": "xxxxxxxx-xxxx-xxxx-xxxx-xxxxxxxxxxxx-entityVM",
        "isFamily": true,
        "label": "Document Life Cycle State Config Released State Configuration Class Type Dictionary Entry",
        "operation": "NoOp",
        "reportingKey": null,
      },
      Object {
        "cultureCode": "",
        "entityType": "DictionaryEntry",
        "familyId": "00000000-0000-0000-0000-000000000000",
        "id": "xxxxxxxx-xxxx-xxxx-xxxx-xxxxxxxxxxxx-entityVM",
        "isFamily": true,
        "label": "Document Life Cycle State Config Archived State Configuration Class Type Dictionary Entry",
        "operation": "NoOp",
        "reportingKey": null,
      },
      Object {
        "cultureCode": "",
        "entityType": "DictionaryEntry",
        "familyId": "00000000-0000-0000-0000-000000000000",
        "id": "xxxxxxxx-xxxx-xxxx-xxxx-xxxxxxxxxxxx-entityVM",
        "isFamily": true,
        "label": "Action New State",
        "operation": "NoOp",
        "reportingKey": null,
      },
      Object {
        "cultureCode": "",
        "entityType": "DictionaryEntry",
        "familyId": "00000000-0000-0000-0000-000000000000",
        "id": "xxxxxxxx-xxxx-xxxx-xxxx-xxxxxxxxxxxx-entityVM",
        "isFamily": true,
        "label": "Document Life Cycle State Config Deleted State Configuration Class Type Dictionary Entry",
        "operation": "NoOp",
        "reportingKey": null,
      },
      Object {
        "cultureCode": "",
        "entityType": "DictionaryEntry",
        "familyId": "00000000-0000-0000-0000-000000000000",
        "id": "xxxxxxxx-xxxx-xxxx-xxxx-xxxxxxxxxxxx-entityVM",
        "isFamily": true,
        "label": "Action Draft State",
        "operation": "NoOp",
        "reportingKey": null,
      },
      Object {
        "cultureCode": "",
        "entityType": "DictionaryEntry",
        "familyId": "00000000-0000-0000-0000-000000000000",
        "id": "xxxxxxxx-xxxx-xxxx-xxxx-xxxxxxxxxxxx-entityVM",
        "isFamily": true,
        "label": "Action In Process State",
        "operation": "NoOp",
        "reportingKey": null,
      },
      Object {
        "cultureCode": "",
        "entityType": "DictionaryEntry",
        "familyId": "00000000-0000-0000-0000-000000000000",
        "id": "xxxxxxxx-xxxx-xxxx-xxxx-xxxxxxxxxxxx-entityVM",
        "isFamily": true,
        "label": "Action Completed State",
        "operation": "NoOp",
        "reportingKey": null,
      },
      Object {
        "cultureCode": "",
        "entityType": "DictionaryEntry",
        "familyId": "00000000-0000-0000-0000-000000000000",
        "id": "xxxxxxxx-xxxx-xxxx-xxxx-xxxxxxxxxxxx-entityVM",
        "isFamily": true,
        "label": "Action Closed State",
        "operation": "NoOp",
        "reportingKey": null,
      },
      Object {
        "cultureCode": "",
        "entityType": "DictionaryEntry",
        "familyId": "00000000-0000-0000-0000-000000000000",
        "id": "xxxxxxxx-xxxx-xxxx-xxxx-xxxxxxxxxxxx-entityVM",
        "isFamily": true,
        "label": "Action Archived State",
        "operation": "NoOp",
        "reportingKey": null,
      },
      Object {
        "cultureCode": "",
        "entityType": "DictionaryEntry",
        "familyId": "00000000-0000-0000-0000-000000000000",
        "id": "xxxxxxxx-xxxx-xxxx-xxxx-xxxxxxxxxxxx-entityVM",
        "isFamily": true,
        "label": "Action Deleted State",
        "operation": "NoOp",
        "reportingKey": null,
      },
      Object {
        "cultureCode": "",
        "entityType": "DictionaryEntry",
        "familyId": "00000000-0000-0000-0000-000000000000",
        "id": "xxxxxxxx-xxxx-xxxx-xxxx-xxxxxxxxxxxx-entityVM",
        "isFamily": true,
        "label": "Section Life Cycle State Config New State Configuration Class Type Dictionary Entry",
        "operation": "NoOp",
        "reportingKey": null,
      },
      Object {
        "cultureCode": "",
        "entityType": "DictionaryEntry",
        "familyId": "00000000-0000-0000-0000-000000000000",
        "id": "xxxxxxxx-xxxx-xxxx-xxxx-xxxxxxxxxxxx-entityVM",
        "isFamily": true,
        "label": "Section Life Cycle State Config Approved State Configuration Class Type Dictionary Entry",
        "operation": "NoOp",
        "reportingKey": null,
      },
      Object {
        "cultureCode": "",
        "entityType": "DictionaryEntry",
        "familyId": "00000000-0000-0000-0000-000000000000",
        "id": "xxxxxxxx-xxxx-xxxx-xxxx-xxxxxxxxxxxx-entityVM",
        "isFamily": true,
        "label": "Section Life Cycle State Config Pending State Configuration Class Type Dictionary Entry",
        "operation": "NoOp",
        "reportingKey": null,
      },
      Object {
        "cultureCode": "",
        "entityType": "DictionaryEntry",
        "familyId": "00000000-0000-0000-0000-000000000000",
        "id": "xxxxxxxx-xxxx-xxxx-xxxx-xxxxxxxxxxxx-entityVM",
        "isFamily": true,
        "label": "Document Type Administrator",
        "operation": "NoOp",
        "reportingKey": null,
      },
      Object {
        "cultureCode": "",
        "entityType": "DictionaryEntry",
        "familyId": "00000000-0000-0000-0000-000000000000",
        "id": "xxxxxxxx-xxxx-xxxx-xxxx-xxxxxxxxxxxx-entityVM",
        "isFamily": true,
        "label": "Allow Create with New button",
        "operation": "NoOp",
        "reportingKey": null,
      },
      Object {
        "cultureCode": "",
        "entityType": "DictionaryEntry",
        "familyId": "00000000-0000-0000-0000-000000000000",
        "id": "xxxxxxxx-xxxx-xxxx-xxxx-xxxxxxxxxxxx-entityVM",
        "isFamily": true,
        "label": "None",
        "operation": "NoOp",
        "reportingKey": null,
      },
      Object {
        "cultureCode": "",
        "entityType": "DictionaryEntry",
        "familyId": "00000000-0000-0000-0000-000000000000",
        "id": "xxxxxxxx-xxxx-xxxx-xxxx-xxxxxxxxxxxx-entityVM",
        "isFamily": true,
        "label": "Creation Context",
        "operation": "NoOp",
        "reportingKey": null,
      },
      Object {
        "cultureCode": "",
        "entityType": "DictionaryEntry",
        "familyId": "00000000-0000-0000-0000-000000000000",
        "id": "xxxxxxxx-xxxx-xxxx-xxxx-xxxxxxxxxxxx-entityVM",
        "isFamily": true,
        "label": "New",
        "operation": "NoOp",
        "reportingKey": null,
      },
      Object {
        "cultureCode": "",
        "entityType": "DictionaryEntry",
        "familyId": "00000000-0000-0000-0000-000000000000",
        "id": "xxxxxxxx-xxxx-xxxx-xxxx-xxxxxxxxxxxx-entityVM",
        "isFamily": true,
        "label": "Change Request",
        "operation": "NoOp",
        "reportingKey": null,
      },
      Object {
        "cultureCode": "",
        "entityType": "DictionaryEntry",
        "familyId": "00000000-0000-0000-0000-000000000000",
        "id": "xxxxxxxx-xxxx-xxxx-xxxx-xxxxxxxxxxxx-entityVM",
        "isFamily": true,
        "label": "New Version Or Reassessment",
        "operation": "NoOp",
        "reportingKey": null,
      },
      Object {
        "cultureCode": "",
        "entityType": "DictionaryEntry",
        "familyId": "00000000-0000-0000-0000-000000000000",
        "id": "xxxxxxxx-xxxx-xxxx-xxxx-xxxxxxxxxxxx-entityVM",
        "isFamily": true,
        "label": "Copy",
        "operation": "NoOp",
        "reportingKey": null,
      },
      Object {
        "cultureCode": "",
        "entityType": "DictionaryEntry",
        "familyId": "00000000-0000-0000-0000-000000000000",
        "id": "xxxxxxxx-xxxx-xxxx-xxxx-xxxxxxxxxxxx-entityVM",
        "isFamily": true,
        "label": "Obsolesense Request",
        "operation": "NoOp",
        "reportingKey": null,
      },
      Object {
        "cultureCode": "",
        "entityType": "DictionaryEntry",
        "familyId": "00000000-0000-0000-0000-000000000000",
        "id": "xxxxxxxx-xxxx-xxxx-xxxx-xxxxxxxxxxxx-entityVM",
        "isFamily": true,
        "label": "Edit as Classification",
        "operation": "NoOp",
        "reportingKey": null,
      },
      Object {
        "cultureCode": "",
        "entityType": "DictionaryEntry",
        "familyId": "00000000-0000-0000-0000-000000000000",
        "id": "xxxxxxxx-xxxx-xxxx-xxxx-xxxxxxxxxxxx-entityVM",
        "isFamily": true,
        "label": "As Content Only",
        "operation": "NoOp",
        "reportingKey": null,
      },
      Object {
        "cultureCode": "",
        "entityType": "DictionaryEntry",
        "familyId": "00000000-0000-0000-0000-000000000000",
        "id": "xxxxxxxx-xxxx-xxxx-xxxx-xxxxxxxxxxxx-entityVM",
        "isFamily": true,
        "label": "As Classification Only",
        "operation": "NoOp",
        "reportingKey": null,
      },
      Object {
        "cultureCode": "",
        "entityType": "DictionaryEntry",
        "familyId": "00000000-0000-0000-0000-000000000000",
        "id": "xxxxxxxx-xxxx-xxxx-xxxx-xxxxxxxxxxxx-entityVM",
        "isFamily": true,
        "label": "As Content Or Classification",
        "operation": "NoOp",
        "reportingKey": null,
      },
      Object {
        "cultureCode": "",
        "entityType": "DictionaryEntry",
        "familyId": "00000000-0000-0000-0000-000000000000",
        "id": "xxxxxxxx-xxxx-xxxx-xxxx-xxxxxxxxxxxx-entityVM",
        "isFamily": true,
        "label": "Visibility",
        "operation": "NoOp",
        "reportingKey": null,
      },
      Object {
        "cultureCode": "",
        "entityType": "DictionaryEntry",
        "familyId": "00000000-0000-0000-0000-000000000000",
        "id": "xxxxxxxx-xxxx-xxxx-xxxx-xxxxxxxxxxxx-entityVM",
        "isFamily": true,
        "label": "Visible",
        "operation": "NoOp",
        "reportingKey": null,
      },
      Object {
        "cultureCode": "",
        "entityType": "DictionaryEntry",
        "familyId": "00000000-0000-0000-0000-000000000000",
        "id": "xxxxxxxx-xxxx-xxxx-xxxx-xxxxxxxxxxxx-entityVM",
        "isFamily": true,
        "label": "Hidden",
        "operation": "NoOp",
        "reportingKey": null,
      },
      Object {
        "cultureCode": "",
        "entityType": "DictionaryEntry",
        "familyId": "00000000-0000-0000-0000-000000000000",
        "id": "xxxxxxxx-xxxx-xxxx-xxxx-xxxxxxxxxxxx-entityVM",
        "isFamily": true,
        "label": "Inheritance",
        "operation": "NoOp",
        "reportingKey": null,
      },
      Object {
        "cultureCode": "",
        "entityType": "DictionaryEntry",
        "familyId": "00000000-0000-0000-0000-000000000000",
        "id": "xxxxxxxx-xxxx-xxxx-xxxx-xxxxxxxxxxxx-entityVM",
        "isFamily": true,
        "label": "Hide when Empty",
        "operation": "NoOp",
        "reportingKey": null,
      },
      Object {
        "cultureCode": "",
        "entityType": "DictionaryEntry",
        "familyId": "00000000-0000-0000-0000-000000000000",
        "id": "xxxxxxxx-xxxx-xxxx-xxxx-xxxxxxxxxxxx-entityVM",
        "isFamily": true,
        "label": "Make No Change",
        "operation": "NoOp",
        "reportingKey": null,
      },
      Object {
        "cultureCode": "",
        "entityType": "DictionaryEntry",
        "familyId": "00000000-0000-0000-0000-000000000000",
        "id": "xxxxxxxx-xxxx-xxxx-xxxx-xxxxxxxxxxxx-entityVM",
        "isFamily": true,
        "label": "Inherit/Disable",
        "operation": "NoOp",
        "reportingKey": null,
      },
      Object {
        "cultureCode": "",
        "entityType": "DictionaryEntry",
        "familyId": "00000000-0000-0000-0000-000000000000",
        "id": "xxxxxxxx-xxxx-xxxx-xxxx-xxxxxxxxxxxx-entityVM",
        "isFamily": true,
        "label": "Disable",
        "operation": "NoOp",
        "reportingKey": null,
      },
      Object {
        "cultureCode": "",
        "entityType": "DictionaryEntry",
        "familyId": "00000000-0000-0000-0000-000000000000",
        "id": "xxxxxxxx-xxxx-xxxx-xxxx-xxxxxxxxxxxx-entityVM",
        "isFamily": true,
        "label": "Enable",
        "operation": "NoOp",
        "reportingKey": null,
      },
      Object {
        "cultureCode": "",
        "entityType": "DictionaryEntry",
        "familyId": "00000000-0000-0000-0000-000000000000",
        "id": "xxxxxxxx-xxxx-xxxx-xxxx-xxxxxxxxxxxx-entityVM",
        "isFamily": true,
        "label": "None",
        "operation": "NoOp",
        "reportingKey": null,
      },
      Object {
        "cultureCode": "",
        "entityType": "DictionaryEntry",
        "familyId": "00000000-0000-0000-0000-000000000000",
        "id": "xxxxxxxx-xxxx-xxxx-xxxx-xxxxxxxxxxxx-entityVM",
        "isFamily": true,
        "label": "No Inheritance",
        "operation": "NoOp",
        "reportingKey": null,
      },
      Object {
        "cultureCode": "",
        "entityType": "DictionaryEntry",
        "familyId": "00000000-0000-0000-0000-000000000000",
        "id": "xxxxxxxx-xxxx-xxxx-xxxx-xxxxxxxxxxxx-entityVM",
        "isFamily": true,
        "label": "Line Item Inheritance",
        "operation": "NoOp",
        "reportingKey": null,
      },
      Object {
        "cultureCode": "",
        "entityType": "DictionaryEntry",
        "familyId": "00000000-0000-0000-0000-000000000000",
        "id": "xxxxxxxx-xxxx-xxxx-xxxx-xxxxxxxxxxxx-entityVM",
        "isFamily": true,
        "label": "Same Section",
        "operation": "NoOp",
        "reportingKey": null,
      },
      Object {
        "cultureCode": "",
        "entityType": "DictionaryEntry",
        "familyId": "00000000-0000-0000-0000-000000000000",
        "id": "xxxxxxxx-xxxx-xxxx-xxxx-xxxxxxxxxxxx-entityVM",
        "isFamily": true,
        "label": "Specific Section",
        "operation": "NoOp",
        "reportingKey": null,
      },
      Object {
        "cultureCode": "",
        "entityType": "DictionaryEntry",
        "familyId": "00000000-0000-0000-0000-000000000000",
        "id": "xxxxxxxx-xxxx-xxxx-xxxx-xxxxxxxxxxxx-entityVM",
        "isFamily": true,
        "label": "None",
        "operation": "NoOp",
        "reportingKey": null,
      },
      Object {
        "cultureCode": "",
        "entityType": "DictionaryEntry",
        "familyId": "00000000-0000-0000-0000-000000000000",
        "id": "xxxxxxxx-xxxx-xxxx-xxxx-xxxxxxxxxxxx-entityVM",
        "isFamily": true,
        "label": "Section Inheritance",
        "operation": "NoOp",
        "reportingKey": null,
      },
      Object {
        "cultureCode": "",
        "entityType": "DictionaryEntry",
        "familyId": "00000000-0000-0000-0000-000000000000",
        "id": "xxxxxxxx-xxxx-xxxx-xxxx-xxxxxxxxxxxx-entityVM",
        "isFamily": true,
        "label": "Specific Section",
        "operation": "NoOp",
        "reportingKey": null,
      },
      Object {
        "cultureCode": "",
        "entityType": "DictionaryEntry",
        "familyId": "00000000-0000-0000-0000-000000000000",
        "id": "xxxxxxxx-xxxx-xxxx-xxxx-xxxxxxxxxxxx-entityVM",
        "isFamily": true,
        "label": "Same Section",
        "operation": "NoOp",
        "reportingKey": null,
      },
      Object {
        "cultureCode": "",
        "entityType": "DictionaryEntry",
        "familyId": "00000000-0000-0000-0000-000000000000",
        "id": "xxxxxxxx-xxxx-xxxx-xxxx-xxxxxxxxxxxx-entityVM",
        "isFamily": true,
        "label": "Timescale",
        "operation": "NoOp",
        "reportingKey": null,
      },
      Object {
        "cultureCode": "",
        "entityType": "DictionaryEntry",
        "familyId": "00000000-0000-0000-0000-000000000000",
        "id": "xxxxxxxx-xxxx-xxxx-xxxx-xxxxxxxxxxxx-entityVM",
        "isFamily": true,
        "label": "Days",
        "operation": "NoOp",
        "reportingKey": null,
      },
      Object {
        "cultureCode": "",
        "entityType": "DictionaryEntry",
        "familyId": "00000000-0000-0000-0000-000000000000",
        "id": "xxxxxxxx-xxxx-xxxx-xxxx-xxxxxxxxxxxx-entityVM",
        "isFamily": true,
        "label": "Allowances",
        "operation": "NoOp",
        "reportingKey": null,
      },
      Object {
        "cultureCode": "",
        "entityType": "DictionaryEntry",
        "familyId": "00000000-0000-0000-0000-000000000000",
        "id": "xxxxxxxx-xxxx-xxxx-xxxx-xxxxxxxxxxxx-entityVM",
        "isFamily": true,
        "label": "Months",
        "operation": "NoOp",
        "reportingKey": null,
      },
      Object {
        "cultureCode": "",
        "entityType": "DictionaryEntry",
        "familyId": "00000000-0000-0000-0000-000000000000",
        "id": "xxxxxxxx-xxxx-xxxx-xxxx-xxxxxxxxxxxx-entityVM",
        "isFamily": true,
        "label": "Corporate",
        "operation": "NoOp",
        "reportingKey": null,
      },
      Object {
        "cultureCode": "",
        "entityType": "DictionaryEntry",
        "familyId": "00000000-0000-0000-0000-000000000000",
        "id": "xxxxxxxx-xxxx-xxxx-xxxx-xxxxxxxxxxxx-entityVM",
        "isFamily": true,
        "label": "Customer Support",
        "operation": "NoOp",
        "reportingKey": null,
      },
      Object {
        "cultureCode": "",
        "entityType": "DictionaryEntry",
        "familyId": "00000000-0000-0000-0000-000000000000",
        "id": "xxxxxxxx-xxxx-xxxx-xxxx-xxxxxxxxxxxx-entityVM",
        "isFamily": true,
        "label": "Quality",
        "operation": "NoOp",
        "reportingKey": null,
      },
      Object {
        "cultureCode": "",
        "entityType": "DictionaryEntry",
        "familyId": "00000000-0000-0000-0000-000000000000",
        "id": "xxxxxxxx-xxxx-xxxx-xxxx-xxxxxxxxxxxx-entityVM",
        "isFamily": true,
        "label": "Training",
        "operation": "NoOp",
        "reportingKey": null,
      },
      Object {
        "cultureCode": "",
        "entityType": "DictionaryEntry",
        "familyId": "00000000-0000-0000-0000-000000000000",
        "id": "xxxxxxxx-xxxx-xxxx-xxxx-xxxxxxxxxxxx-entityVM",
        "isFamily": true,
        "label": "Engineering",
        "operation": "NoOp",
        "reportingKey": null,
      },
      Object {
        "cultureCode": "",
        "entityType": "DictionaryEntry",
        "familyId": "00000000-0000-0000-0000-000000000000",
        "id": "xxxxxxxx-xxxx-xxxx-xxxx-xxxxxxxxxxxx-entityVM",
        "isFamily": true,
        "label": "Document",
        "operation": "NoOp",
        "reportingKey": null,
      },
      Object {
        "cultureCode": "",
        "entityType": "DictionaryEntry",
        "familyId": "00000000-0000-0000-0000-000000000000",
        "id": "xxxxxxxx-xxxx-xxxx-xxxx-xxxxxxxxxxxx-entityVM",
        "isFamily": true,
        "label": "Entity Types",
        "operation": "NoOp",
        "reportingKey": null,
      },
      Object {
        "cultureCode": "",
        "entityType": "DictionaryEntry",
        "familyId": "00000000-0000-0000-0000-000000000000",
        "id": "xxxxxxxx-xxxx-xxxx-xxxx-xxxxxxxxxxxx-entityVM",
        "isFamily": true,
        "label": "Action",
        "operation": "NoOp",
        "reportingKey": null,
      },
      Object {
        "cultureCode": "",
        "entityType": "DictionaryEntry",
        "familyId": "00000000-0000-0000-0000-000000000000",
        "id": "xxxxxxxx-xxxx-xxxx-xxxx-xxxxxxxxxxxx-entityVM",
        "isFamily": true,
        "label": "Organization",
        "operation": "NoOp",
        "reportingKey": null,
      },
      Object {
        "cultureCode": "",
        "entityType": "DictionaryEntry",
        "familyId": "00000000-0000-0000-0000-000000000000",
        "id": "xxxxxxxx-xxxx-xxxx-xxxx-xxxxxxxxxxxx-entityVM",
        "isFamily": true,
        "label": "Assessment",
        "operation": "NoOp",
        "reportingKey": null,
      },
      Object {
        "cultureCode": "",
        "entityType": "DictionaryEntry",
        "familyId": "00000000-0000-0000-0000-000000000000",
        "id": "xxxxxxxx-xxxx-xxxx-xxxx-xxxxxxxxxxxx-entityVM",
        "isFamily": true,
        "label": "Application Role",
        "operation": "NoOp",
        "reportingKey": null,
      },
      Object {
        "cultureCode": "",
        "entityType": "DictionaryEntry",
        "familyId": "00000000-0000-0000-0000-000000000000",
        "id": "xxxxxxxx-xxxx-xxxx-xxxx-xxxxxxxxxxxx-entityVM",
        "isFamily": true,
        "label": "Choice List",
        "operation": "NoOp",
        "reportingKey": null,
      },
      Object {
        "cultureCode": "",
        "entityType": "DictionaryEntry",
        "familyId": "00000000-0000-0000-0000-000000000000",
        "id": "xxxxxxxx-xxxx-xxxx-xxxx-xxxxxxxxxxxx-entityVM",
        "isFamily": true,
        "label": "Category Hierarchy",
        "operation": "NoOp",
        "reportingKey": null,
      },
      Object {
        "cultureCode": "",
        "entityType": "DictionaryEntry",
        "familyId": "00000000-0000-0000-0000-000000000000",
        "id": "xxxxxxxx-xxxx-xxxx-xxxx-xxxxxxxxxxxx-entityVM",
        "isFamily": true,
        "label": "Document Class",
        "operation": "NoOp",
        "reportingKey": null,
      },
      Object {
        "cultureCode": "",
        "entityType": "DictionaryEntry",
        "familyId": "00000000-0000-0000-0000-000000000000",
        "id": "xxxxxxxx-xxxx-xxxx-xxxx-xxxxxxxxxxxx-entityVM",
        "isFamily": true,
        "label": "Dictionary Entry",
        "operation": "NoOp",
        "reportingKey": null,
      },
      Object {
        "cultureCode": "",
        "entityType": "DictionaryEntry",
        "familyId": "00000000-0000-0000-0000-000000000000",
        "id": "xxxxxxxx-xxxx-xxxx-xxxx-xxxxxxxxxxxx-entityVM",
        "isFamily": true,
        "label": "Characteristic Config",
        "operation": "NoOp",
        "reportingKey": null,
      },
      Object {
        "cultureCode": "",
        "entityType": "DictionaryEntry",
        "familyId": "00000000-0000-0000-0000-000000000000",
        "id": "xxxxxxxx-xxxx-xxxx-xxxx-xxxxxxxxxxxx-entityVM",
        "isFamily": true,
        "label": "Approval Cycle Config",
        "operation": "NoOp",
        "reportingKey": null,
      },
      Object {
        "cultureCode": "",
        "entityType": "DictionaryEntry",
        "familyId": "00000000-0000-0000-0000-000000000000",
        "id": "xxxxxxxx-xxxx-xxxx-xxxx-xxxxxxxxxxxx-entityVM",
        "isFamily": true,
        "label": "Line Item Config",
        "operation": "NoOp",
        "reportingKey": null,
      },
      Object {
        "cultureCode": "",
        "entityType": "DictionaryEntry",
        "familyId": "00000000-0000-0000-0000-000000000000",
        "id": "xxxxxxxx-xxxx-xxxx-xxxx-xxxxxxxxxxxx-entityVM",
        "isFamily": true,
        "label": "Section Config",
        "operation": "NoOp",
        "reportingKey": null,
      },
      Object {
        "cultureCode": "",
        "entityType": "DictionaryEntry",
        "familyId": "00000000-0000-0000-0000-000000000000",
        "id": "xxxxxxxx-xxxx-xxxx-xxxx-xxxxxxxxxxxx-entityVM",
        "isFamily": true,
        "label": "Lifecycle Config",
        "operation": "NoOp",
        "reportingKey": null,
      },
      Object {
        "cultureCode": "",
        "entityType": "DictionaryEntry",
        "familyId": "00000000-0000-0000-0000-000000000000",
        "id": "xxxxxxxx-xxxx-xxxx-xxxx-xxxxxxxxxxxx-entityVM",
        "isFamily": true,
        "label": "Section Line Item Config",
        "operation": "NoOp",
        "reportingKey": null,
      },
      Object {
        "cultureCode": "",
        "entityType": "DictionaryEntry",
        "familyId": "00000000-0000-0000-0000-000000000000",
        "id": "xxxxxxxx-xxxx-xxxx-xxxx-xxxxxxxxxxxx-entityVM",
        "isFamily": true,
        "label": "Navigation Node",
        "operation": "NoOp",
        "reportingKey": null,
      },
      Object {
        "cultureCode": "",
        "entityType": "DictionaryEntry",
        "familyId": "00000000-0000-0000-0000-000000000000",
        "id": "xxxxxxxx-xxxx-xxxx-xxxx-xxxxxxxxxxxx-entityVM",
        "isFamily": true,
        "label": "Layout",
        "operation": "NoOp",
        "reportingKey": null,
      },
      Object {
        "cultureCode": "",
        "entityType": "DictionaryEntry",
        "familyId": "00000000-0000-0000-0000-000000000000",
        "id": "xxxxxxxx-xxxx-xxxx-xxxx-xxxxxxxxxxxx-entityVM",
        "isFamily": true,
        "label": "User",
        "operation": "NoOp",
        "reportingKey": null,
      },
      Object {
        "cultureCode": "",
        "entityType": "DictionaryEntry",
        "familyId": "00000000-0000-0000-0000-000000000000",
        "id": "xxxxxxxx-xxxx-xxxx-xxxx-xxxxxxxxxxxx-entityVM",
        "isFamily": true,
        "label": "Navigation Hierarchy",
        "operation": "NoOp",
        "reportingKey": null,
      },
      Object {
        "cultureCode": "",
        "entityType": "DictionaryEntry",
        "familyId": "00000000-0000-0000-0000-000000000000",
        "id": "xxxxxxxx-xxxx-xxxx-xxxx-xxxxxxxxxxxx-entityVM",
        "isFamily": true,
        "label": "Rating Type",
        "operation": "NoOp",
        "reportingKey": null,
      },
      Object {
        "cultureCode": "",
        "entityType": "DictionaryEntry",
        "familyId": "00000000-0000-0000-0000-000000000000",
        "id": "xxxxxxxx-xxxx-xxxx-xxxx-xxxxxxxxxxxx-entityVM",
        "isFamily": true,
        "label": "Disabled",
        "operation": "NoOp",
        "reportingKey": null,
      },
      Object {
        "cultureCode": "",
        "entityType": "DictionaryEntry",
        "familyId": "00000000-0000-0000-0000-000000000000",
        "id": "xxxxxxxx-xxxx-xxxx-xxxx-xxxxxxxxxxxx-entityVM",
        "isFamily": true,
        "label": "Input",
        "operation": "NoOp",
        "reportingKey": null,
      },
      Object {
        "cultureCode": "",
        "entityType": "DictionaryEntry",
        "familyId": "00000000-0000-0000-0000-000000000000",
        "id": "xxxxxxxx-xxxx-xxxx-xxxx-xxxxxxxxxxxx-entityVM",
        "isFamily": true,
        "label": "Select",
        "operation": "NoOp",
        "reportingKey": null,
      },
      Object {
        "cultureCode": "",
        "entityType": "DictionaryEntry",
        "familyId": "00000000-0000-0000-0000-000000000000",
        "id": "xxxxxxxx-xxxx-xxxx-xxxx-xxxxxxxxxxxx-entityVM",
        "isFamily": true,
        "label": "Sum Of Scores",
        "operation": "NoOp",
        "reportingKey": null,
      },
      Object {
        "cultureCode": "",
        "entityType": "DictionaryEntry",
        "familyId": "00000000-0000-0000-0000-000000000000",
        "id": "xxxxxxxx-xxxx-xxxx-xxxx-xxxxxxxxxxxx-entityVM",
        "isFamily": true,
        "label": "Disposition",
        "operation": "NoOp",
        "reportingKey": null,
      },
      Object {
        "cultureCode": "",
        "entityType": "DictionaryEntry",
        "familyId": "00000000-0000-0000-0000-000000000000",
        "id": "xxxxxxxx-xxxx-xxxx-xxxx-xxxxxxxxxxxx-entityVM",
        "isFamily": true,
        "label": "Number Compliant With Threshold",
        "operation": "NoOp",
        "reportingKey": null,
      },
      Object {
        "cultureCode": "",
        "entityType": "DictionaryEntry",
        "familyId": "00000000-0000-0000-0000-000000000000",
        "id": "xxxxxxxx-xxxx-xxxx-xxxx-xxxxxxxxxxxx-entityVM",
        "isFamily": true,
        "label": "Average Of Scores",
        "operation": "NoOp",
        "reportingKey": null,
      },
      Object {
        "cultureCode": "",
        "entityType": "DictionaryEntry",
        "familyId": "00000000-0000-0000-0000-000000000000",
        "id": "xxxxxxxx-xxxx-xxxx-xxxx-xxxxxxxxxxxx-entityVM",
        "isFamily": true,
        "label": "Product Of Scores",
        "operation": "NoOp",
        "reportingKey": null,
      },
      Object {
        "cultureCode": "",
        "entityType": "DictionaryEntry",
        "familyId": "00000000-0000-0000-0000-000000000000",
        "id": "xxxxxxxx-xxxx-xxxx-xxxx-xxxxxxxxxxxx-entityVM",
        "isFamily": true,
        "label": "Number Not Compliant With Threshold",
        "operation": "NoOp",
        "reportingKey": null,
      },
      Object {
        "cultureCode": "",
        "entityType": "DictionaryEntry",
        "familyId": "00000000-0000-0000-0000-000000000000",
        "id": "xxxxxxxx-xxxx-xxxx-xxxx-xxxxxxxxxxxx-entityVM",
        "isFamily": true,
        "label": "Percentage Not Compliant With Threshold",
        "operation": "NoOp",
        "reportingKey": null,
      },
      Object {
        "cultureCode": "",
        "entityType": "DictionaryEntry",
        "familyId": "00000000-0000-0000-0000-000000000000",
        "id": "xxxxxxxx-xxxx-xxxx-xxxx-xxxxxxxxxxxx-entityVM",
        "isFamily": true,
        "label": "Percentage Compliant With Threshold",
        "operation": "NoOp",
        "reportingKey": null,
      },
      Object {
        "cultureCode": "",
        "entityType": "DictionaryEntry",
        "familyId": "00000000-0000-0000-0000-000000000000",
        "id": "xxxxxxxx-xxxx-xxxx-xxxx-xxxxxxxxxxxx-entityVM",
        "isFamily": true,
        "label": "Sum Of Scores",
        "operation": "NoOp",
        "reportingKey": null,
      },
      Object {
        "cultureCode": "",
        "entityType": "DictionaryEntry",
        "familyId": "00000000-0000-0000-0000-000000000000",
        "id": "xxxxxxxx-xxxx-xxxx-xxxx-xxxxxxxxxxxx-entityVM",
        "isFamily": true,
        "label": "Characteristic Computation Type",
        "operation": "NoOp",
        "reportingKey": null,
      },
      Object {
        "cultureCode": "",
        "entityType": "DictionaryEntry",
        "familyId": "00000000-0000-0000-0000-000000000000",
        "id": "xxxxxxxx-xxxx-xxxx-xxxx-xxxxxxxxxxxx-entityVM",
        "isFamily": true,
        "label": "Product Of Scores",
        "operation": "NoOp",
        "reportingKey": null,
      },
      Object {
        "cultureCode": "",
        "entityType": "DictionaryEntry",
        "familyId": "00000000-0000-0000-0000-000000000000",
        "id": "xxxxxxxx-xxxx-xxxx-xxxx-xxxxxxxxxxxx-entityVM",
        "isFamily": true,
        "label": "Average Of Scores",
        "operation": "NoOp",
        "reportingKey": null,
      },
      Object {
        "cultureCode": "",
        "entityType": "DictionaryEntry",
        "familyId": "00000000-0000-0000-0000-000000000000",
        "id": "xxxxxxxx-xxxx-xxxx-xxxx-xxxxxxxxxxxx-entityVM",
        "isFamily": true,
        "label": "Percentage Compliant With Threshold",
        "operation": "NoOp",
        "reportingKey": null,
      },
      Object {
        "cultureCode": "",
        "entityType": "DictionaryEntry",
        "familyId": "00000000-0000-0000-0000-000000000000",
        "id": "xxxxxxxx-xxxx-xxxx-xxxx-xxxxxxxxxxxx-entityVM",
        "isFamily": true,
        "label": "Number Compliant With Threshold",
        "operation": "NoOp",
        "reportingKey": null,
      },
      Object {
        "cultureCode": "",
        "entityType": "DictionaryEntry",
        "familyId": "00000000-0000-0000-0000-000000000000",
        "id": "xxxxxxxx-xxxx-xxxx-xxxx-xxxxxxxxxxxx-entityVM",
        "isFamily": true,
        "label": "Number Not Compliant With Threshold",
        "operation": "NoOp",
        "reportingKey": null,
      },
      Object {
        "cultureCode": "",
        "entityType": "DictionaryEntry",
        "familyId": "00000000-0000-0000-0000-000000000000",
        "id": "xxxxxxxx-xxxx-xxxx-xxxx-xxxxxxxxxxxx-entityVM",
        "isFamily": true,
        "label": "Number Line Item Compliant With Threshold",
        "operation": "NoOp",
        "reportingKey": null,
      },
      Object {
        "cultureCode": "",
        "entityType": "DictionaryEntry",
        "familyId": "00000000-0000-0000-0000-000000000000",
        "id": "xxxxxxxx-xxxx-xxxx-xxxx-xxxxxxxxxxxx-entityVM",
        "isFamily": true,
        "label": "Percentage Not Compliant With Threshold",
        "operation": "NoOp",
        "reportingKey": null,
      },
      Object {
        "cultureCode": "",
        "entityType": "DictionaryEntry",
        "familyId": "00000000-0000-0000-0000-000000000000",
        "id": "xxxxxxxx-xxxx-xxxx-xxxx-xxxxxxxxxxxx-entityVM",
        "isFamily": true,
        "label": "Percentage Line Item Compliant With Threshold",
        "operation": "NoOp",
        "reportingKey": null,
      },
      Object {
        "cultureCode": "",
        "entityType": "DictionaryEntry",
        "familyId": "00000000-0000-0000-0000-000000000000",
        "id": "xxxxxxxx-xxxx-xxxx-xxxx-xxxxxxxxxxxx-entityVM",
        "isFamily": true,
        "label": "Number Line Item Not Compliant With Threshold",
        "operation": "NoOp",
        "reportingKey": null,
      },
      Object {
        "cultureCode": "",
        "entityType": "DictionaryEntry",
        "familyId": "00000000-0000-0000-0000-000000000000",
        "id": "xxxxxxxx-xxxx-xxxx-xxxx-xxxxxxxxxxxx-entityVM",
        "isFamily": true,
        "label": "Percentage Line Item Not Compliant With Threshold",
        "operation": "NoOp",
        "reportingKey": null,
      },
      Object {
        "cultureCode": "",
        "entityType": "DictionaryEntry",
        "familyId": "00000000-0000-0000-0000-000000000000",
        "id": "xxxxxxxx-xxxx-xxxx-xxxx-xxxxxxxxxxxx-entityVM",
        "isFamily": true,
        "label": "Total Characteristic Computation Type",
        "operation": "NoOp",
        "reportingKey": null,
      },
      Object {
        "cultureCode": "",
        "entityType": "DictionaryEntry",
        "familyId": "00000000-0000-0000-0000-000000000000",
        "id": "xxxxxxxx-xxxx-xxxx-xxxx-xxxxxxxxxxxx-entityVM",
        "isFamily": true,
        "label": "Average Of Scores",
        "operation": "NoOp",
        "reportingKey": null,
      },
      Object {
        "cultureCode": "",
        "entityType": "DictionaryEntry",
        "familyId": "00000000-0000-0000-0000-000000000000",
        "id": "xxxxxxxx-xxxx-xxxx-xxxx-xxxxxxxxxxxx-entityVM",
        "isFamily": true,
        "label": "Sum Of Scores",
        "operation": "NoOp",
        "reportingKey": null,
      },
      Object {
        "cultureCode": "",
        "entityType": "DictionaryEntry",
        "familyId": "00000000-0000-0000-0000-000000000000",
        "id": "xxxxxxxx-xxxx-xxxx-xxxx-xxxxxxxxxxxx-entityVM",
        "isFamily": true,
        "label": "Product Of Scores",
        "operation": "NoOp",
        "reportingKey": null,
      },
      Object {
        "cultureCode": "",
        "entityType": "DictionaryEntry",
        "familyId": "00000000-0000-0000-0000-000000000000",
        "id": "xxxxxxxx-xxxx-xxxx-xxxx-xxxxxxxxxxxx-entityVM",
        "isFamily": true,
        "label": "Number Compliant With Threshold,",
        "operation": "NoOp",
        "reportingKey": null,
      },
      Object {
        "cultureCode": "",
        "entityType": "DictionaryEntry",
        "familyId": "00000000-0000-0000-0000-000000000000",
        "id": "xxxxxxxx-xxxx-xxxx-xxxx-xxxxxxxxxxxx-entityVM",
        "isFamily": true,
        "label": "Number Not Compliant With Threshold",
        "operation": "NoOp",
        "reportingKey": null,
      },
      Object {
        "cultureCode": "",
        "entityType": "DictionaryEntry",
        "familyId": "00000000-0000-0000-0000-000000000000",
        "id": "xxxxxxxx-xxxx-xxxx-xxxx-xxxxxxxxxxxx-entityVM",
        "isFamily": true,
        "label": "Percentage Compliant With Threshold",
        "operation": "NoOp",
        "reportingKey": null,
      },
      Object {
        "cultureCode": "",
        "entityType": "DictionaryEntry",
        "familyId": "00000000-0000-0000-0000-000000000000",
        "id": "xxxxxxxx-xxxx-xxxx-xxxx-xxxxxxxxxxxx-entityVM",
        "isFamily": true,
        "label": "Percentage Not Compliant With Threshold",
        "operation": "NoOp",
        "reportingKey": null,
      },
      Object {
        "cultureCode": "",
        "entityType": "DictionaryEntry",
        "familyId": "00000000-0000-0000-0000-000000000000",
        "id": "xxxxxxxx-xxxx-xxxx-xxxx-xxxxxxxxxxxx-entityVM",
        "isFamily": true,
        "label": "Compliance Rating",
        "operation": "NoOp",
        "reportingKey": null,
      },
      Object {
        "cultureCode": "",
        "entityType": "DictionaryEntry",
        "familyId": "00000000-0000-0000-0000-000000000000",
        "id": "xxxxxxxx-xxxx-xxxx-xxxx-xxxxxxxxxxxx-entityVM",
        "isFamily": true,
        "label": "NonCompliant Lower",
        "operation": "NoOp",
        "reportingKey": null,
      },
      Object {
        "cultureCode": "",
        "entityType": "DictionaryEntry",
        "familyId": "00000000-0000-0000-0000-000000000000",
        "id": "xxxxxxxx-xxxx-xxxx-xxxx-xxxxxxxxxxxx-entityVM",
        "isFamily": true,
        "label": "NonCompliant Higher",
        "operation": "NoOp",
        "reportingKey": null,
      },
      Object {
        "cultureCode": "",
        "entityType": "DictionaryEntry",
        "familyId": "00000000-0000-0000-0000-000000000000",
        "id": "xxxxxxxx-xxxx-xxxx-xxxx-xxxxxxxxxxxx-entityVM",
        "isFamily": true,
        "label": "Trigger Event Type",
        "operation": "NoOp",
        "reportingKey": null,
      },
      Object {
        "cultureCode": "",
        "entityType": "DictionaryEntry",
        "familyId": "00000000-0000-0000-0000-000000000000",
        "id": "xxxxxxxx-xxxx-xxxx-xxxx-xxxxxxxxxxxx-entityVM",
        "isFamily": true,
        "label": "Content State Change",
        "operation": "NoOp",
        "reportingKey": null,
      },
      Object {
        "cultureCode": "",
        "entityType": "DictionaryEntry",
        "familyId": "00000000-0000-0000-0000-000000000000",
        "id": "xxxxxxxx-xxxx-xxxx-xxxx-xxxxxxxxxxxx-entityVM",
        "isFamily": true,
        "label": "Rating Choice Change",
        "operation": "NoOp",
        "reportingKey": null,
      },
      Object {
        "cultureCode": "",
        "entityType": "DictionaryEntry",
        "familyId": "00000000-0000-0000-0000-000000000000",
        "id": "xxxxxxxx-xxxx-xxxx-xxxx-xxxxxxxxxxxx-entityVM",
        "isFamily": true,
        "label": "Detail Choice Change",
        "operation": "NoOp",
        "reportingKey": null,
      },
      Object {
        "cultureCode": "",
        "entityType": "DictionaryEntry",
        "familyId": "00000000-0000-0000-0000-000000000000",
        "id": "xxxxxxxx-xxxx-xxxx-xxxx-xxxxxxxxxxxx-entityVM",
        "isFamily": true,
        "label": "Delete Content",
        "operation": "NoOp",
        "reportingKey": null,
      },
      Object {
        "cultureCode": "",
        "entityType": "DictionaryEntry",
        "familyId": "00000000-0000-0000-0000-000000000000",
        "id": "xxxxxxxx-xxxx-xxxx-xxxx-xxxxxxxxxxxx-entityVM",
        "isFamily": true,
        "label": "Trigger Action",
        "operation": "NoOp",
        "reportingKey": null,
      },
      Object {
        "cultureCode": "",
        "entityType": "DictionaryEntry",
        "familyId": "00000000-0000-0000-0000-000000000000",
        "id": "xxxxxxxx-xxxx-xxxx-xxxx-xxxxxxxxxxxx-entityVM",
        "isFamily": true,
        "label": "Reopen Vassal",
        "operation": "NoOp",
        "reportingKey": null,
      },
      Object {
        "cultureCode": "",
        "entityType": "DictionaryEntry",
        "familyId": "00000000-0000-0000-0000-000000000000",
        "id": "xxxxxxxx-xxxx-xxxx-xxxx-xxxxxxxxxxxx-entityVM",
        "isFamily": true,
        "label": "Vassal Automation",
        "operation": "NoOp",
        "reportingKey": null,
      },
      Object {
        "cultureCode": "",
        "entityType": "DictionaryEntry",
        "familyId": "00000000-0000-0000-0000-000000000000",
        "id": "xxxxxxxx-xxxx-xxxx-xxxx-xxxxxxxxxxxx-entityVM",
        "isFamily": true,
        "label": "Creation",
        "operation": "NoOp",
        "reportingKey": null,
      },
      Object {
        "cultureCode": "",
        "entityType": "DictionaryEntry",
        "familyId": "00000000-0000-0000-0000-000000000000",
        "id": "xxxxxxxx-xxxx-xxxx-xxxx-xxxxxxxxxxxx-entityVM",
        "isFamily": true,
        "label": "Not Automatic",
        "operation": "NoOp",
        "reportingKey": null,
      },
      Object {
        "cultureCode": "",
        "entityType": "DictionaryEntry",
        "familyId": "00000000-0000-0000-0000-000000000000",
        "id": "xxxxxxxx-xxxx-xxxx-xxxx-xxxxxxxxxxxx-entityVM",
        "isFamily": true,
        "label": "Association Creation",
        "operation": "NoOp",
        "reportingKey": null,
      },
      Object {
        "cultureCode": "",
        "entityType": "DictionaryEntry",
        "familyId": "00000000-0000-0000-0000-000000000000",
        "id": "xxxxxxxx-xxxx-xxxx-xxxx-xxxxxxxxxxxx-entityVM",
        "isFamily": true,
        "label": "Invocation",
        "operation": "NoOp",
        "reportingKey": null,
      },
      Object {
        "cultureCode": "",
        "entityType": "DictionaryEntry",
        "familyId": "00000000-0000-0000-0000-000000000000",
        "id": "xxxxxxxx-xxxx-xxxx-xxxx-xxxxxxxxxxxx-entityVM",
        "isFamily": true,
        "label": "Disabled",
        "operation": "NoOp",
        "reportingKey": null,
      },
      Object {
        "cultureCode": "",
        "entityType": "DictionaryEntry",
        "familyId": "00000000-0000-0000-0000-000000000000",
        "id": "xxxxxxxx-xxxx-xxxx-xxxx-xxxxxxxxxxxx-entityVM",
        "isFamily": true,
        "label": "Required",
        "operation": "NoOp",
        "reportingKey": null,
      },
      Object {
        "cultureCode": "",
        "entityType": "DictionaryEntry",
        "familyId": "00000000-0000-0000-0000-000000000000",
        "id": "xxxxxxxx-xxxx-xxxx-xxxx-xxxxxxxxxxxx-entityVM",
        "isFamily": true,
        "label": "Required With Threshold Not Met",
        "operation": "NoOp",
        "reportingKey": null,
      },
      Object {
        "cultureCode": "",
        "entityType": "DictionaryEntry",
        "familyId": "00000000-0000-0000-0000-000000000000",
        "id": "xxxxxxxx-xxxx-xxxx-xxxx-xxxxxxxxxxxx-entityVM",
        "isFamily": true,
        "label": "Vassal Type",
        "operation": "NoOp",
        "reportingKey": null,
      },
      Object {
        "cultureCode": "",
        "entityType": "DictionaryEntry",
        "familyId": "00000000-0000-0000-0000-000000000000",
        "id": "xxxxxxxx-xxxx-xxxx-xxxx-xxxxxxxxxxxx-entityVM",
        "isFamily": true,
        "label": "Vassals",
        "operation": "NoOp",
        "reportingKey": null,
      },
      Object {
        "cultureCode": "",
        "entityType": "DictionaryEntry",
        "familyId": "00000000-0000-0000-0000-000000000000",
        "id": "xxxxxxxx-xxxx-xxxx-xxxx-xxxxxxxxxxxx-entityVM",
        "isFamily": true,
        "label": "Response Vassals",
        "operation": "NoOp",
        "reportingKey": null,
      },
      Object {
        "cultureCode": "",
        "entityType": "DictionaryEntry",
        "familyId": "00000000-0000-0000-0000-000000000000",
        "id": "xxxxxxxx-xxxx-xxxx-xxxx-xxxxxxxxxxxx-entityVM",
        "isFamily": true,
        "label": "Serial",
        "operation": "NoOp",
        "reportingKey": null,
      },
      Object {
        "cultureCode": "",
        "entityType": "DictionaryEntry",
        "familyId": "00000000-0000-0000-0000-000000000000",
        "id": "xxxxxxxx-xxxx-xxxx-xxxx-xxxxxxxxxxxx-entityVM",
        "isFamily": true,
        "label": "Not Vassals",
        "operation": "NoOp",
        "reportingKey": null,
      },
      Object {
        "cultureCode": "",
        "entityType": "DictionaryEntry",
        "familyId": "00000000-0000-0000-0000-000000000000",
        "id": "xxxxxxxx-xxxx-xxxx-xxxx-xxxxxxxxxxxx-entityVM",
        "isFamily": true,
        "label": "Approval Segment Type",
        "operation": "NoOp",
        "reportingKey": null,
      },
      Object {
        "cultureCode": "",
        "entityType": "DictionaryEntry",
        "familyId": "00000000-0000-0000-0000-000000000000",
        "id": "xxxxxxxx-xxxx-xxxx-xxxx-xxxxxxxxxxxx-entityVM",
        "isFamily": true,
        "label": "Parallel Everybody",
        "operation": "NoOp",
        "reportingKey": null,
      },
      Object {
        "cultureCode": "",
        "entityType": "DictionaryEntry",
        "familyId": "00000000-0000-0000-0000-000000000000",
        "id": "xxxxxxxx-xxxx-xxxx-xxxx-xxxxxxxxxxxx-entityVM",
        "isFamily": true,
        "label": "Parallel Anybody",
        "operation": "NoOp",
        "reportingKey": null,
      },
      Object {
        "cultureCode": "",
        "entityType": "DictionaryEntry",
        "familyId": "00000000-0000-0000-0000-000000000000",
        "id": "xxxxxxxx-xxxx-xxxx-xxxx-xxxxxxxxxxxx-entityVM",
        "isFamily": true,
        "label": "Parallel Majority",
        "operation": "NoOp",
        "reportingKey": null,
      },
    ],
    "entityTypeOptions": Array [
      Object {
        "cultureCode": "",
        "entityType": "DictionaryEntry",
        "familyId": "xxxxxxxx-xxxx-xxxx-xxxx-xxxxxxxxxxxx",
        "id": "xxxxxxxx-xxxx-xxxx-xxxx-xxxxxxxxxxxx-entityVM",
        "isFamily": true,
        "label": "Document",
        "operation": "NoOp",
        "reportingKey": null,
      },
      Object {
        "cultureCode": "",
        "entityType": "DictionaryEntry",
        "familyId": "xxxxxxxx-xxxx-xxxx-xxxx-xxxxxxxxxxxx",
        "id": "xxxxxxxx-xxxx-xxxx-xxxx-xxxxxxxxxxxx-entityVM",
        "isFamily": true,
        "label": "Action",
        "operation": "NoOp",
        "reportingKey": null,
      },
      Object {
        "cultureCode": "",
        "entityType": "DictionaryEntry",
        "familyId": "xxxxxxxx-xxxx-xxxx-xxxx-xxxxxxxxxxxx",
        "id": "xxxxxxxx-xxxx-xxxx-xxxx-xxxxxxxxxxxx-entityVM",
        "isFamily": true,
        "label": "Assessment",
        "operation": "NoOp",
        "reportingKey": null,
      },
      Object {
        "cultureCode": "",
        "entityType": "DictionaryEntry",
        "familyId": "xxxxxxxx-xxxx-xxxx-xxxx-xxxxxxxxxxxx",
        "id": "xxxxxxxx-xxxx-xxxx-xxxx-xxxxxxxxxxxx-entityVM",
        "isFamily": true,
        "label": "Dictionary Entry",
        "operation": "NoOp",
        "reportingKey": null,
      },
      Object {
        "cultureCode": "",
        "entityType": "DictionaryEntry",
        "familyId": "xxxxxxxx-xxxx-xxxx-xxxx-xxxxxxxxxxxx",
        "id": "xxxxxxxx-xxxx-xxxx-xxxx-xxxxxxxxxxxx-entityVM",
        "isFamily": true,
        "label": "Category Hierarchy",
        "operation": "NoOp",
        "reportingKey": null,
      },
      Object {
        "cultureCode": "",
        "entityType": "DictionaryEntry",
        "familyId": "xxxxxxxx-xxxx-xxxx-xxxx-xxxxxxxxxxxx",
        "id": "xxxxxxxx-xxxx-xxxx-xxxx-xxxxxxxxxxxx-entityVM",
        "isFamily": true,
        "label": "Application Role",
        "operation": "NoOp",
        "reportingKey": null,
      },
      Object {
        "cultureCode": "",
        "entityType": "DictionaryEntry",
        "familyId": "xxxxxxxx-xxxx-xxxx-xxxx-xxxxxxxxxxxx",
        "id": "xxxxxxxx-xxxx-xxxx-xxxx-xxxxxxxxxxxx-entityVM",
        "isFamily": true,
        "label": "Choice List",
        "operation": "NoOp",
        "reportingKey": null,
      },
      Object {
        "cultureCode": "",
        "entityType": "DictionaryEntry",
        "familyId": "xxxxxxxx-xxxx-xxxx-xxxx-xxxxxxxxxxxx",
        "id": "xxxxxxxx-xxxx-xxxx-xxxx-xxxxxxxxxxxx-entityVM",
        "isFamily": true,
        "label": "Approval Cycle Config",
        "operation": "NoOp",
        "reportingKey": null,
      },
      Object {
        "cultureCode": "",
        "entityType": "DictionaryEntry",
        "familyId": "xxxxxxxx-xxxx-xxxx-xxxx-xxxxxxxxxxxx",
        "id": "xxxxxxxx-xxxx-xxxx-xxxx-xxxxxxxxxxxx-entityVM",
        "isFamily": true,
        "label": "Document Class",
        "operation": "NoOp",
        "reportingKey": null,
      },
      Object {
        "cultureCode": "",
        "entityType": "DictionaryEntry",
        "familyId": "xxxxxxxx-xxxx-xxxx-xxxx-xxxxxxxxxxxx",
        "id": "xxxxxxxx-xxxx-xxxx-xxxx-xxxxxxxxxxxx-entityVM",
        "isFamily": true,
        "label": "Section Config",
        "operation": "NoOp",
        "reportingKey": null,
      },
      Object {
        "cultureCode": "",
        "entityType": "DictionaryEntry",
        "familyId": "xxxxxxxx-xxxx-xxxx-xxxx-xxxxxxxxxxxx",
        "id": "xxxxxxxx-xxxx-xxxx-xxxx-xxxxxxxxxxxx-entityVM",
        "isFamily": true,
        "label": "Characteristic Config",
        "operation": "NoOp",
        "reportingKey": null,
      },
      Object {
        "cultureCode": "",
        "entityType": "DictionaryEntry",
        "familyId": "xxxxxxxx-xxxx-xxxx-xxxx-xxxxxxxxxxxx",
        "id": "xxxxxxxx-xxxx-xxxx-xxxx-xxxxxxxxxxxx-entityVM",
        "isFamily": true,
        "label": "Layout",
        "operation": "NoOp",
        "reportingKey": null,
      },
      Object {
        "cultureCode": "",
        "entityType": "DictionaryEntry",
        "familyId": "xxxxxxxx-xxxx-xxxx-xxxx-xxxxxxxxxxxx",
        "id": "xxxxxxxx-xxxx-xxxx-xxxx-xxxxxxxxxxxx-entityVM",
        "isFamily": true,
        "label": "Lifecycle Config",
        "operation": "NoOp",
        "reportingKey": null,
      },
      Object {
        "cultureCode": "",
        "entityType": "DictionaryEntry",
        "familyId": "xxxxxxxx-xxxx-xxxx-xxxx-xxxxxxxxxxxx",
        "id": "xxxxxxxx-xxxx-xxxx-xxxx-xxxxxxxxxxxx-entityVM",
        "isFamily": true,
        "label": "Line Item Config",
        "operation": "NoOp",
        "reportingKey": null,
      },
      Object {
        "cultureCode": "",
        "entityType": "DictionaryEntry",
        "familyId": "xxxxxxxx-xxxx-xxxx-xxxx-xxxxxxxxxxxx",
        "id": "xxxxxxxx-xxxx-xxxx-xxxx-xxxxxxxxxxxx-entityVM",
        "isFamily": true,
        "label": "Organization",
        "operation": "NoOp",
        "reportingKey": null,
      },
      Object {
        "cultureCode": "",
        "entityType": "DictionaryEntry",
        "familyId": "xxxxxxxx-xxxx-xxxx-xxxx-xxxxxxxxxxxx",
        "id": "xxxxxxxx-xxxx-xxxx-xxxx-xxxxxxxxxxxx-entityVM",
        "isFamily": true,
        "label": "Section Line Item Config",
        "operation": "NoOp",
        "reportingKey": null,
      },
      Object {
        "cultureCode": "",
        "entityType": "DictionaryEntry",
        "familyId": "xxxxxxxx-xxxx-xxxx-xxxx-xxxxxxxxxxxx",
        "id": "xxxxxxxx-xxxx-xxxx-xxxx-xxxxxxxxxxxx-entityVM",
        "isFamily": true,
        "label": "Navigation Node",
        "operation": "NoOp",
        "reportingKey": null,
      },
      Object {
        "cultureCode": "",
        "entityType": "DictionaryEntry",
        "familyId": "xxxxxxxx-xxxx-xxxx-xxxx-xxxxxxxxxxxx",
        "id": "xxxxxxxx-xxxx-xxxx-xxxx-xxxxxxxxxxxx-entityVM",
        "isFamily": true,
        "label": "Navigation Hierarchy",
        "operation": "NoOp",
        "reportingKey": null,
      },
      Object {
        "cultureCode": "",
        "entityType": "DictionaryEntry",
        "familyId": "xxxxxxxx-xxxx-xxxx-xxxx-xxxxxxxxxxxx",
        "id": "xxxxxxxx-xxxx-xxxx-xxxx-xxxxxxxxxxxx-entityVM",
        "isFamily": true,
        "label": "User",
        "operation": "NoOp",
        "reportingKey": null,
      },
    ],
    "roleListOptions": Array [
      Object {
        "cultureCode": "",
        "entityType": "ApplicationRole",
        "familyId": "00000000-0000-0000-0000-000000000000",
        "id": "xxxxxxxx-xxxx-xxxx-xxxx-xxxxxxxxxxxx-entityVM",
        "isFamily": true,
        "label": "System Super User",
        "operation": "NoOp",
        "reportingKey": null,
      },
      Object {
        "cultureCode": "",
        "entityType": "ApplicationRole",
        "familyId": "00000000-0000-0000-0000-000000000000",
        "id": "xxxxxxxx-xxxx-xxxx-xxxx-xxxxxxxxxxxx-entityVM",
        "isFamily": true,
        "label": "Super Admin Role",
        "operation": "NoOp",
        "reportingKey": null,
      },
      Object {
        "cultureCode": "",
        "entityType": "ApplicationRole",
        "familyId": "00000000-0000-0000-0000-000000000000",
        "id": "xxxxxxxx-xxxx-xxxx-xxxx-xxxxxxxxxxxx-entityVM",
        "isFamily": true,
        "label": "Document Class Administrator",
        "operation": "NoOp",
        "reportingKey": null,
      },
      Object {
        "cultureCode": "",
        "entityType": "ApplicationRole",
        "familyId": "00000000-0000-0000-0000-000000000000",
        "id": "xxxxxxxx-xxxx-xxxx-xxxx-xxxxxxxxxxxx-entityVM",
        "isFamily": true,
        "label": "Document Type Administrator",
        "operation": "NoOp",
        "reportingKey": null,
      },
      Object {
        "cultureCode": "",
        "entityType": "ApplicationRole",
        "familyId": "00000000-0000-0000-0000-000000000000",
        "id": "xxxxxxxx-xxxx-xxxx-xxxx-xxxxxxxxxxxx-entityVM",
        "isFamily": true,
        "label": "Everyone",
        "operation": "NoOp",
        "reportingKey": null,
      },
      Object {
        "cultureCode": "",
        "entityType": "ApplicationRole",
        "familyId": "00000000-0000-0000-0000-000000000000",
        "id": "xxxxxxxx-xxxx-xxxx-xxxx-xxxxxxxxxxxx-entityVM",
        "isFamily": true,
        "label": "No One",
        "operation": "NoOp",
        "reportingKey": null,
      },
      Object {
        "cultureCode": "",
        "entityType": "ApplicationRole",
        "familyId": "00000000-0000-0000-0000-000000000000",
        "id": "xxxxxxxx-xxxx-xxxx-xxxx-xxxxxxxxxxxx-entityVM",
        "isFamily": true,
        "label": "Global Organization",
        "operation": "NoOp",
        "reportingKey": null,
      },
      Object {
        "cultureCode": "",
        "entityType": "ApplicationRole",
        "familyId": "00000000-0000-0000-0000-000000000000",
        "id": "xxxxxxxx-xxxx-xxxx-xxxx-xxxxxxxxxxxx-entityVM",
        "isFamily": true,
        "label": "Enterprise Organization",
        "operation": "NoOp",
        "reportingKey": null,
      },
      Object {
        "cultureCode": "",
        "entityType": "ApplicationRole",
        "familyId": "00000000-0000-0000-0000-000000000000",
        "id": "xxxxxxxx-xxxx-xxxx-xxxx-xxxxxxxxxxxx-entityVM",
        "isFamily": true,
        "label": "Corporate Organization",
        "operation": "NoOp",
        "reportingKey": null,
      },
      Object {
        "cultureCode": "",
        "entityType": "ApplicationRole",
        "familyId": "00000000-0000-0000-0000-000000000000",
        "id": "xxxxxxxx-xxxx-xxxx-xxxx-xxxxxxxxxxxx-entityVM",
        "isFamily": true,
        "label": "Administrators",
        "operation": "NoOp",
        "reportingKey": null,
      },
      Object {
        "cultureCode": "",
        "entityType": "ApplicationRole",
        "familyId": "00000000-0000-0000-0000-000000000000",
        "id": "xxxxxxxx-xxxx-xxxx-xxxx-xxxxxxxxxxxx-entityVM",
        "isFamily": true,
        "label": "Document Control Administrator",
        "operation": "NoOp",
        "reportingKey": null,
      },
      Object {
        "cultureCode": "",
        "entityType": "ApplicationRole",
        "familyId": "00000000-0000-0000-0000-000000000000",
        "id": "xxxxxxxx-xxxx-xxxx-xxxx-xxxxxxxxxxxx-entityVM",
        "isFamily": true,
        "label": "Author",
        "operation": "NoOp",
        "reportingKey": null,
      },
      Object {
        "cultureCode": "",
        "entityType": "ApplicationRole",
        "familyId": "00000000-0000-0000-0000-000000000000",
        "id": "xxxxxxxx-xxxx-xxxx-xxxx-xxxxxxxxxxxx-entityVM",
        "isFamily": true,
        "label": "Manager",
        "operation": "NoOp",
        "reportingKey": null,
      },
      Object {
        "cultureCode": "",
        "entityType": "ApplicationRole",
        "familyId": "00000000-0000-0000-0000-000000000000",
        "id": "xxxxxxxx-xxxx-xxxx-xxxx-xxxxxxxxxxxx-entityVM",
        "isFamily": true,
        "label": "Administrator",
        "operation": "NoOp",
        "reportingKey": null,
      },
      Object {
        "cultureCode": "",
        "entityType": "ApplicationRole",
        "familyId": "00000000-0000-0000-0000-000000000000",
        "id": "xxxxxxxx-xxxx-xxxx-xxxx-xxxxxxxxxxxx-entityVM",
        "isFamily": true,
        "label": "Requester",
        "operation": "NoOp",
        "reportingKey": null,
      },
      Object {
        "cultureCode": "",
        "entityType": "ApplicationRole",
        "familyId": "00000000-0000-0000-0000-000000000000",
        "id": "xxxxxxxx-xxxx-xxxx-xxxx-xxxxxxxxxxxx-entityVM",
        "isFamily": true,
        "label": "Expediter",
        "operation": "NoOp",
        "reportingKey": null,
      },
      Object {
        "cultureCode": "",
        "entityType": "ApplicationRole",
        "familyId": "00000000-0000-0000-0000-000000000000",
        "id": "xxxxxxxx-xxxx-xxxx-xxxx-xxxxxxxxxxxx-entityVM",
        "isFamily": true,
        "label": "Approver(s)",
        "operation": "NoOp",
        "reportingKey": null,
      },
      Object {
        "cultureCode": "",
        "entityType": "ApplicationRole",
        "familyId": "00000000-0000-0000-0000-000000000000",
        "id": "xxxxxxxx-xxxx-xxxx-xxxx-xxxxxxxxxxxx-entityVM",
        "isFamily": true,
        "label": "Default Approver(s)",
        "operation": "NoOp",
        "reportingKey": null,
      },
      Object {
        "cultureCode": "",
        "entityType": "ApplicationRole",
        "familyId": "00000000-0000-0000-0000-000000000000",
        "id": "xxxxxxxx-xxxx-xxxx-xxxx-xxxxxxxxxxxx-entityVM",
        "isFamily": true,
        "label": "Escalation Level 1",
        "operation": "NoOp",
        "reportingKey": null,
      },
      Object {
        "cultureCode": "",
        "entityType": "ApplicationRole",
        "familyId": "00000000-0000-0000-0000-000000000000",
        "id": "xxxxxxxx-xxxx-xxxx-xxxx-xxxxxxxxxxxx-entityVM",
        "isFamily": true,
        "label": "Escalation Level 2",
        "operation": "NoOp",
        "reportingKey": null,
      },
      Object {
        "cultureCode": "",
        "entityType": "ApplicationRole",
        "familyId": "00000000-0000-0000-0000-000000000000",
        "id": "xxxxxxxx-xxxx-xxxx-xxxx-xxxxxxxxxxxx-entityVM",
        "isFamily": true,
        "label": "Escalation Level 3",
        "operation": "NoOp",
        "reportingKey": null,
      },
      Object {
        "cultureCode": "",
        "entityType": "ApplicationRole",
        "familyId": "00000000-0000-0000-0000-000000000000",
        "id": "xxxxxxxx-xxxx-xxxx-xxxx-xxxxxxxxxxxx-entityVM",
        "isFamily": true,
        "label": "Admin",
        "operation": "NoOp",
        "reportingKey": null,
      },
      Object {
        "cultureCode": "",
        "entityType": "ApplicationRole",
        "familyId": "00000000-0000-0000-0000-000000000000",
        "id": "xxxxxxxx-xxxx-xxxx-xxxx-xxxxxxxxxxxx-entityVM",
        "isFamily": true,
        "label": "Guest",
        "operation": "NoOp",
        "reportingKey": null,
      },
      Object {
        "cultureCode": "",
        "entityType": "ApplicationRole",
        "familyId": "00000000-0000-0000-0000-000000000000",
        "id": "xxxxxxxx-xxxx-xxxx-xxxx-xxxxxxxxxxxx-entityVM",
        "isFamily": true,
        "label": "UserReaderAccess",
        "operation": "NoOp",
        "reportingKey": null,
      },
      Object {
        "cultureCode": "",
        "entityType": "ApplicationRole",
        "familyId": "00000000-0000-0000-0000-000000000000",
        "id": "xxxxxxxx-xxxx-xxxx-xxxx-xxxxxxxxxxxx-entityVM",
        "isFamily": true,
        "label": "UserEditorAccess",
        "operation": "NoOp",
        "reportingKey": null,
      },
      Object {
        "cultureCode": "",
        "entityType": "ApplicationRole",
        "familyId": "00000000-0000-0000-0000-000000000000",
        "id": "xxxxxxxx-xxxx-xxxx-xxxx-xxxxxxxxxxxx-entityVM",
        "isFamily": true,
        "label": "UserAddAccess",
        "operation": "NoOp",
        "reportingKey": null,
      },
      Object {
        "cultureCode": "",
        "entityType": "ApplicationRole",
        "familyId": "00000000-0000-0000-0000-000000000000",
        "id": "xxxxxxxx-xxxx-xxxx-xxxx-xxxxxxxxxxxx-entityVM",
        "isFamily": true,
        "label": "UserDeleteAccess",
        "operation": "NoOp",
        "reportingKey": null,
      },
      Object {
        "cultureCode": "",
        "entityType": "ApplicationRole",
        "familyId": "00000000-0000-0000-0000-000000000000",
        "id": "xxxxxxxx-xxxx-xxxx-xxxx-xxxxxxxxxxxx-entityVM",
        "isFamily": true,
        "label": "UserNoAccess",
        "operation": "NoOp",
        "reportingKey": null,
      },
      Object {
        "cultureCode": "",
        "entityType": "ApplicationRole",
        "familyId": "00000000-0000-0000-0000-000000000000",
        "id": "xxxxxxxx-xxxx-xxxx-xxxx-xxxxxxxxxxxx-entityVM",
        "isFamily": true,
        "label": "UserAuthor",
        "operation": "NoOp",
        "reportingKey": null,
      },
      Object {
        "cultureCode": "",
        "entityType": "ApplicationRole",
        "familyId": "00000000-0000-0000-0000-000000000000",
        "id": "xxxxxxxx-xxxx-xxxx-xxxx-xxxxxxxxxxxx-entityVM",
        "isFamily": true,
        "label": "UserManager",
        "operation": "NoOp",
        "reportingKey": null,
      },
      Object {
        "cultureCode": "",
        "entityType": "ApplicationRole",
        "familyId": "00000000-0000-0000-0000-000000000000",
        "id": "xxxxxxxx-xxxx-xxxx-xxxx-xxxxxxxxxxxx-entityVM",
        "isFamily": true,
        "label": "UserApprover",
        "operation": "NoOp",
        "reportingKey": null,
      },
      Object {
        "cultureCode": "",
        "entityType": "ApplicationRole",
        "familyId": "00000000-0000-0000-0000-000000000000",
        "id": "xxxxxxxx-xxxx-xxxx-xxxx-xxxxxxxxxxxx-entityVM",
        "isFamily": true,
        "label": "UserExpediter",
        "operation": "NoOp",
        "reportingKey": null,
      },
      Object {
        "cultureCode": "",
        "entityType": "ApplicationRole",
        "familyId": "00000000-0000-0000-0000-000000000000",
        "id": "xxxxxxxx-xxxx-xxxx-xxxx-xxxxxxxxxxxx-entityVM",
        "isFamily": true,
        "label": "UserRequester",
        "operation": "NoOp",
        "reportingKey": null,
      },
      Object {
        "cultureCode": "",
        "entityType": "ApplicationRole",
        "familyId": "00000000-0000-0000-0000-000000000000",
        "id": "xxxxxxxx-xxxx-xxxx-xxxx-xxxxxxxxxxxx-entityVM",
        "isFamily": true,
        "label": "Allow Requester, Owners, Administrators",
        "operation": "NoOp",
        "reportingKey": null,
      },
      Object {
        "cultureCode": "",
        "entityType": "ApplicationRole",
        "familyId": "00000000-0000-0000-0000-000000000000",
        "id": "xxxxxxxx-xxxx-xxxx-xxxx-xxxxxxxxxxxx-entityVM",
        "isFamily": true,
        "label": "Allow Owners, Administrators",
        "operation": "NoOp",
        "reportingKey": null,
      },
      Object {
        "cultureCode": "",
        "entityType": "ApplicationRole",
        "familyId": "00000000-0000-0000-0000-000000000000",
        "id": "xxxxxxxx-xxxx-xxxx-xxxx-xxxxxxxxxxxx-entityVM",
        "isFamily": true,
        "label": "Allow Requester, Administrators",
        "operation": "NoOp",
        "reportingKey": null,
      },
      Object {
        "cultureCode": "",
        "entityType": "ApplicationRole",
        "familyId": "00000000-0000-0000-0000-000000000000",
        "id": "xxxxxxxx-xxxx-xxxx-xxxx-xxxxxxxxxxxx-entityVM",
        "isFamily": true,
        "label": "Allow Administrators",
        "operation": "NoOp",
        "reportingKey": null,
      },
      Object {
        "cultureCode": "",
        "entityType": "ApplicationRole",
        "familyId": "00000000-0000-0000-0000-000000000000",
        "id": "xxxxxxxx-xxxx-xxxx-xxxx-xxxxxxxxxxxx-entityVM",
        "isFamily": true,
        "label": "Allow None",
        "operation": "NoOp",
        "reportingKey": null,
      },
      Object {
        "cultureCode": "",
        "entityType": "ApplicationRole",
        "familyId": "00000000-0000-0000-0000-000000000000",
        "id": "xxxxxxxx-xxxx-xxxx-xxxx-xxxxxxxxxxxx-entityVM",
        "isFamily": true,
        "label": "User0",
        "operation": "NoOp",
        "reportingKey": null,
      },
      Object {
        "cultureCode": "",
        "entityType": "ApplicationRole",
        "familyId": "00000000-0000-0000-0000-000000000000",
        "id": "xxxxxxxx-xxxx-xxxx-xxxx-xxxxxxxxxxxx-entityVM",
        "isFamily": true,
        "label": "User1",
        "operation": "NoOp",
        "reportingKey": null,
      },
      Object {
        "cultureCode": "",
        "entityType": "ApplicationRole",
        "familyId": "00000000-0000-0000-0000-000000000000",
        "id": "xxxxxxxx-xxxx-xxxx-xxxx-xxxxxxxxxxxx-entityVM",
        "isFamily": true,
        "label": "User2",
        "operation": "NoOp",
        "reportingKey": null,
      },
      Object {
        "cultureCode": "",
        "entityType": "ApplicationRole",
        "familyId": "00000000-0000-0000-0000-000000000000",
        "id": "xxxxxxxx-xxxx-xxxx-xxxx-xxxxxxxxxxxx-entityVM",
        "isFamily": true,
        "label": "User3",
        "operation": "NoOp",
        "reportingKey": null,
      },
      Object {
        "cultureCode": "",
        "entityType": "ApplicationRole",
        "familyId": "00000000-0000-0000-0000-000000000000",
        "id": "xxxxxxxx-xxxx-xxxx-xxxx-xxxxxxxxxxxx-entityVM",
        "isFamily": true,
        "label": "User4",
        "operation": "NoOp",
        "reportingKey": null,
      },
      Object {
        "cultureCode": "",
        "entityType": "ApplicationRole",
        "familyId": "00000000-0000-0000-0000-000000000000",
        "id": "xxxxxxxx-xxxx-xxxx-xxxx-xxxxxxxxxxxx-entityVM",
        "isFamily": true,
        "label": "User5",
        "operation": "NoOp",
        "reportingKey": null,
      },
      Object {
        "cultureCode": "",
        "entityType": "ApplicationRole",
        "familyId": "00000000-0000-0000-0000-000000000000",
        "id": "xxxxxxxx-xxxx-xxxx-xxxx-xxxxxxxxxxxx-entityVM",
        "isFamily": true,
        "label": "Owners",
        "operation": "NoOp",
        "reportingKey": null,
      },
      Object {
        "cultureCode": "",
        "entityType": "ApplicationRole",
        "familyId": "00000000-0000-0000-0000-000000000000",
        "id": "xxxxxxxx-xxxx-xxxx-xxxx-xxxxxxxxxxxx-entityVM",
        "isFamily": true,
        "label": "Users",
        "operation": "NoOp",
        "reportingKey": null,
      },
      Object {
        "cultureCode": "",
        "entityType": "ApplicationRole",
        "familyId": "00000000-0000-0000-0000-000000000000",
        "id": "xxxxxxxx-xxxx-xxxx-xxxx-xxxxxxxxxxxx-entityVM",
        "isFamily": true,
        "label": "Work Instruction Default Approvers",
        "operation": "NoOp",
        "reportingKey": null,
      },
      Object {
        "cultureCode": "",
        "entityType": "ApplicationRole",
        "familyId": "00000000-0000-0000-0000-000000000000",
        "id": "xxxxxxxx-xxxx-xxxx-xxxx-xxxxxxxxxxxx-entityVM",
        "isFamily": true,
        "label": "Role for Default Approvers",
        "operation": "NoOp",
        "reportingKey": null,
      },
      Object {
        "cultureCode": "",
        "entityType": "ApplicationRole",
        "familyId": "00000000-0000-0000-0000-000000000000",
        "id": "xxxxxxxx-xxxx-xxxx-xxxx-xxxxxxxxxxxx-entityVM",
        "isFamily": true,
        "label": "Document Type Default Approvers",
        "operation": "NoOp",
        "reportingKey": null,
      },
      Object {
        "cultureCode": "",
        "entityType": "ApplicationRole",
        "familyId": "00000000-0000-0000-0000-000000000000",
        "id": "xxxxxxxx-xxxx-xxxx-xxxx-xxxxxxxxxxxx-entityVM",
        "isFamily": true,
        "label": "Draft User One",
        "operation": "NoOp",
        "reportingKey": null,
      },
    ],
    "validationTypeOptions": Array [
      Object {
        "cultureCode": "",
        "entityType": "NotSpecified",
        "familyId": "00000000-0000-0000-0000-000000000000",
        "id": "xxxxxxxx-xxxx-xxxx-xxxx-xxxxxxxxxxxx-entityVM",
        "isFamily": false,
        "label": "Required",
        "operation": "NoOp",
        "reportingKey": null,
      },
      Object {
        "cultureCode": "",
        "entityType": "NotSpecified",
        "familyId": "00000000-0000-0000-0000-000000000000",
        "id": "xxxxxxxx-xxxx-xxxx-xxxx-xxxxxxxxxxxx-entityVM",
        "isFamily": false,
        "label": "Valid",
        "operation": "NoOp",
        "reportingKey": null,
      },
    ],
  },
}
`;
